srun: ROUTE: split_hostlist: hl=a02r03n08 tree_width 0
	Command being timed: "srun --ntasks=1 --cpus-per-task=64 --cpu-bind=cores /work/home/qbics2622/ed-workbench/target/release/ed_workbench_rs davidson /work/home/qbics2622/H2O_CCPVDZ_C2V.FCIDUMP --residual-tolerance 1e-7 --max-iterations 60 --max-subspace 6 --memory-budget-gib 96 --parallel-blocks 64 --parallel-memory-budget-gib 256 --strict-parallel-memory"
	User time (seconds): 0.16
	System time (seconds): 0.14
	Percent of CPU this job got: 0%
	Elapsed (wall clock) time (h:mm:ss or m:ss): 3:55:41
	Average shared text size (kbytes): 0
	Average unshared data size (kbytes): 0
	Average stack size (kbytes): 0
	Average total size (kbytes): 0
	Maximum resident set size (kbytes): 6836
	Average resident set size (kbytes): 0
	Major (requiring I/O) page faults: 0
	Minor (reclaiming a frame) page faults: 10669
	Voluntary context switches: 118
	Involuntary context switches: 62
	Swaps: 0
	File system inputs: 0
	File system outputs: 0
	Socket messages sent: 0
	Socket messages received: 0
	Signals delivered: 0
	Page size (bytes): 4096
	Exit status: 0
